C:\Users\HP\Desktop\SpringBootSchoolManagementSystem-main (1)\SpringBootSchoolManagementSystem-main\src\main\java\com\example\demo\com\example\demo\Teacher\TeacherController.java
C:\Users\HP\Desktop\SpringBootSchoolManagementSystem-main (1)\SpringBootSchoolManagementSystem-main\src\main\java\com\example\demo\com\example\demo\Student\Student.java
C:\Users\HP\Desktop\SpringBootSchoolManagementSystem-main (1)\SpringBootSchoolManagementSystem-main\src\main\java\com\example\demo\com\example\demo\Student\StudentConfig.java
C:\Users\HP\Desktop\SpringBootSchoolManagementSystem-main (1)\SpringBootSchoolManagementSystem-main\src\main\java\com\example\demo\com\example\demo\Registration\RegistrationRepository.java
C:\Users\HP\Desktop\SpringBootSchoolManagementSystem-main (1)\SpringBootSchoolManagementSystem-main\src\main\java\com\example\demo\DemoApplication.java
C:\Users\HP\Desktop\SpringBootSchoolManagementSystem-main (1)\SpringBootSchoolManagementSystem-main\src\main\java\com\example\demo\com\example\demo\Teacher\TeacherService.java
C:\Users\HP\Desktop\SpringBootSchoolManagementSystem-main (1)\SpringBootSchoolManagementSystem-main\src\main\java\com\example\demo\com\example\demo\Student\StudentRepository.java
C:\Users\HP\Desktop\SpringBootSchoolManagementSystem-main (1)\SpringBootSchoolManagementSystem-main\src\main\java\com\example\demo\com\example\demo\Registration\RegistrationController.java
C:\Users\HP\Desktop\SpringBootSchoolManagementSystem-main (1)\SpringBootSchoolManagementSystem-main\src\main\java\com\example\demo\com\example\demo\Student\StudentService.java
C:\Users\HP\Desktop\SpringBootSchoolManagementSystem-main (1)\SpringBootSchoolManagementSystem-main\src\main\java\com\example\demo\com\example\demo\Registration\RegistrationService.java
C:\Users\HP\Desktop\SpringBootSchoolManagementSystem-main (1)\SpringBootSchoolManagementSystem-main\src\main\java\com\example\demo\com\example\demo\Teacher\TeacherRepository.java
C:\Users\HP\Desktop\SpringBootSchoolManagementSystem-main (1)\SpringBootSchoolManagementSystem-main\src\main\java\com\example\demo\com\example\demo\Student\StudentController.java
C:\Users\HP\Desktop\SpringBootSchoolManagementSystem-main (1)\SpringBootSchoolManagementSystem-main\src\main\java\com\example\demo\com\example\demo\Teacher\Teacher.java
C:\Users\HP\Desktop\SpringBootSchoolManagementSystem-main (1)\SpringBootSchoolManagementSystem-main\src\main\java\com\example\demo\com\example\demo\Teacher\TeacherConfig.java
